
> nexttrash@0.1.0 build
> next build

   ▲ Next.js 15.0.4
   - Environments: .env

   Creating an optimized production build ...
 ✓ Compiled successfully
   Linting and checking validity of types ...

Failed to compile.

./src/app/about/page.tsx
28:25  Error: `"` can be escaped with `&quot;`, `&ldquo;`, `&#34;`, `&rdquo;`.  react/no-unescaped-entities
29:96  Error: `"` can be escaped with `&quot;`, `&ldquo;`, `&#34;`, `&rdquo;`.  react/no-unescaped-entities

./src/app/api/admin/links/analytics/[type]/[id]/route.ts
13:38  Error: Unexpected any. Specify a different type.  @typescript-eslint/no-explicit-any
20:14  Error: 'e' is defined but never used.  @typescript-eslint/no-unused-vars

./src/app/api/admin/links/route.ts
2:10  Error: 'NextRequest' is defined but never used.  @typescript-eslint/no-unused-vars
10:5  Error: Use "@ts-expect-error" instead of "@ts-ignore", as "@ts-ignore" will do nothing if the following line is error-free.  @typescript-eslint/ban-ts-comment
15:38  Error: Unexpected any. Specify a different type.  @typescript-eslint/no-explicit-any

./src/app/api/admin/links/takedown/[type]/[id]/route.ts
13:5  Error: Use "@ts-expect-error" instead of "@ts-ignore", as "@ts-ignore" will do nothing if the following line is error-free.  @typescript-eslint/ban-ts-comment
20:38  Error: Unexpected any. Specify a different type.  @typescript-eslint/no-explicit-any

./src/app/api/admin/stats/route.ts
2:10  Error: 'NextRequest' is defined but never used.  @typescript-eslint/no-unused-vars
10:5  Error: Use "@ts-expect-error" instead of "@ts-ignore", as "@ts-ignore" will do nothing if the following line is error-free.  @typescript-eslint/ban-ts-comment
15:38  Error: Unexpected any. Specify a different type.  @typescript-eslint/no-explicit-any

./src/app/api/admin/users/route.ts
2:10  Error: 'NextRequest' is defined but never used.  @typescript-eslint/no-unused-vars
10:5  Error: Use "@ts-expect-error" instead of "@ts-ignore", as "@ts-ignore" will do nothing if the following line is error-free.  @typescript-eslint/ban-ts-comment
15:38  Error: Unexpected any. Specify a different type.  @typescript-eslint/no-explicit-any

./src/app/api/admin/users/[id]/route.ts
13:5  Error: Use "@ts-expect-error" instead of "@ts-ignore", as "@ts-ignore" will do nothing if the following line is error-free.  @typescript-eslint/ban-ts-comment
20:38  Error: Unexpected any. Specify a different type.  @typescript-eslint/no-explicit-any
36:5  Error: Use "@ts-expect-error" instead of "@ts-ignore", as "@ts-ignore" will do nothing if the following line is error-free.  @typescript-eslint/ban-ts-comment
42:38  Error: Unexpected any. Specify a different type.  @typescript-eslint/no-explicit-any

./src/app/api/public/qrcodes/[id]/route.ts
19:12  Error: 'error' is defined but never used.  @typescript-eslint/no-unused-vars

./src/app/api/track-click/[type]/[id]/route.ts
18:14  Error: 'e' is defined but never used.  @typescript-eslint/no-unused-vars

./src/app/api/user/qrcodes/route.ts
16:14  Error: 'err' is defined but never used.  @typescript-eslint/no-unused-vars
36:14  Error: 'err' is defined but never used.  @typescript-eslint/no-unused-vars

./src/app/api/user/qrcodes/[id]/route.ts
14:105  Error: Unexpected any. Specify a different type.  @typescript-eslint/no-explicit-any
17:14  Error: '_err' is defined but never used.  @typescript-eslint/no-unused-vars
37:14  Error: 'err' is defined but never used.  @typescript-eslint/no-unused-vars
54:14  Error: 'err' is defined but never used.  @typescript-eslint/no-unused-vars

./src/app/features/page.tsx
5:16  Error: 'faBolt' is defined but never used.  @typescript-eslint/no-unused-vars
5:24  Error: 'faShieldAlt' is defined but never used.  @typescript-eslint/no-unused-vars
6:3  Error: 'faMagic' is defined but never used.  @typescript-eslint/no-unused-vars
87:21  Error: Do not use an `<a>` element to navigate to `/signup/`. Use `<Link />` from `next/link` instead. See: https://nextjs.org/docs/messages/no-html-link-for-pages  @next/next/no-html-link-for-pages
88:21  Error: Do not use an `<a>` element to navigate to `/login/`. Use `<Link />` from `next/link` instead. See: https://nextjs.org/docs/messages/no-html-link-for-pages  @next/next/no-html-link-for-pages

./src/app/forgot-password/page.tsx
32:18  Error: 'error' is defined but never used.  @typescript-eslint/no-unused-vars

./src/app/guide/page.tsx
58:36  Error: Parsing error: Unexpected token. Did you mean `{'>'}` or `&gt;`?

./src/app/manage/admin/page.tsx
126:44  Error: Unexpected any. Specify a different type.  @typescript-eslint/no-explicit-any
127:43  Error: Unexpected any. Specify a different type.  @typescript-eslint/no-explicit-any
352:53  Error: Unexpected any. Specify a different type.  @typescript-eslint/no-explicit-any
598:101  Error: Unexpected any. Specify a different type.  @typescript-eslint/no-explicit-any

./src/app/manage/biolink/page.tsx
8:49  Error: 'faKeyboard' is defined but never used.  @typescript-eslint/no-unused-vars
8:101  Error: 'faArrowsUpDown' is defined but never used.  @typescript-eslint/no-unused-vars
8:117  Error: 'faTrash' is defined but never used.  @typescript-eslint/no-unused-vars
71:4  Error: Unexpected any. Specify a different type.  @typescript-eslint/no-explicit-any
222:23  Warning: Using `<img>` could result in slower LCP and higher bandwidth. Consider using `<Image />` from `next/image` to automatically optimize images. This may incur additional usage or cost from your provider. See: https://nextjs.org/docs/messages/no-img-element  @next/next/no-img-element
296:21  Warning: Using `<img>` could result in slower LCP and higher bandwidth. Consider using `<Image />` from `next/image` to automatically optimize images. This may incur additional usage or cost from your provider. See: https://nextjs.org/docs/messages/no-img-element  @next/next/no-img-element
354:34  Error: Unexpected any. Specify a different type.  @typescript-eslint/no-explicit-any
388:10  Error: 'profile' is assigned a value but never used.  @typescript-eslint/no-unused-vars
400:12  Error: 'designConfig' is assigned a value but never used.  @typescript-eslint/no-unused-vars
422:42  Error: Unexpected any. Specify a different type.  @typescript-eslint/no-explicit-any
436:61  Error: Unexpected any. Specify a different type.  @typescript-eslint/no-explicit-any
463:51  Error: Unexpected any. Specify a different type.  @typescript-eslint/no-explicit-any
477:5  Warning: React Hook useEffect has a missing dependency: 'fetchProfile'. Either include it or remove the dependency array.  react-hooks/exhaustive-deps
490:34  Error: Unexpected any. Specify a different type.  @typescript-eslint/no-explicit-any
547:28  Error: Unexpected any. Specify a different type.  @typescript-eslint/no-explicit-any
622:101  Error: Unexpected any. Specify a different type.  @typescript-eslint/no-explicit-any
628:31  Error: Unexpected any. Specify a different type.  @typescript-eslint/no-explicit-any
628:67  Error: Unexpected any. Specify a different type.  @typescript-eslint/no-explicit-any
643:38  Error: Unexpected any. Specify a different type.  @typescript-eslint/no-explicit-any
645:22  Error: 'e' is defined but never used.  @typescript-eslint/no-unused-vars
776:25  Error: Unexpected any. Specify a different type.  @typescript-eslint/no-explicit-any
789:67  Error: Unexpected any. Specify a different type.  @typescript-eslint/no-explicit-any
860:53  Error: Unexpected any. Specify a different type.  @typescript-eslint/no-explicit-any
860:77  Error: Unexpected any. Specify a different type.  @typescript-eslint/no-explicit-any
894:55  Error: Unexpected any. Specify a different type.  @typescript-eslint/no-explicit-any
960:22  Error: Unexpected any. Specify a different type.  @typescript-eslint/no-explicit-any
1055:33  Warning: Using `<img>` could result in slower LCP and higher bandwidth. Consider using `<Image />` from `next/image` to automatically optimize images. This may incur additional usage or cost from your provider. See: https://nextjs.org/docs/messages/no-img-element  @next/next/no-img-element
1234:33  Warning: Using `<img>` could result in slower LCP and higher bandwidth. Consider using `<Image />` from `next/image` to automatically optimize images. This may incur additional usage or cost from your provider. See: https://nextjs.org/docs/messages/no-img-element  @next/next/no-img-element
1293:28  Warning: Using `<img>` could result in slower LCP and higher bandwidth. Consider using `<Image />` from `next/image` to automatically optimize images. This may incur additional usage or cost from your provider. See: https://nextjs.org/docs/messages/no-img-element  @next/next/no-img-element
1349:82  Error: Unexpected any. Specify a different type.  @typescript-eslint/no-explicit-any
1452:95  Error: Unexpected any. Specify a different type.  @typescript-eslint/no-explicit-any
1502:108  Error: Unexpected any. Specify a different type.  @typescript-eslint/no-explicit-any
1522:108  Error: Unexpected any. Specify a different type.  @typescript-eslint/no-explicit-any
1672:31  Warning: Using `<img>` could result in slower LCP and higher bandwidth. Consider using `<Image />` from `next/image` to automatically optimize images. This may incur additional usage or cost from your provider. See: https://nextjs.org/docs/messages/no-img-element  @next/next/no-img-element
1684:36  Warning: Using `<img>` could result in slower LCP and higher bandwidth. Consider using `<Image />` from `next/image` to automatically optimize images. This may incur additional usage or cost from your provider. See: https://nextjs.org/docs/messages/no-img-element  @next/next/no-img-element
1717:41  Warning: Using `<img>` could result in slower LCP and higher bandwidth. Consider using `<Image />` from `next/image` to automatically optimize images. This may incur additional usage or cost from your provider. See: https://nextjs.org/docs/messages/no-img-element  @next/next/no-img-element
1759:50  Warning: Using `<img>` could result in slower LCP and higher bandwidth. Consider using `<Image />` from `next/image` to automatically optimize images. This may incur additional usage or cost from your provider. See: https://nextjs.org/docs/messages/no-img-element  @next/next/no-img-element
1837:88  Error: Unexpected any. Specify a different type.  @typescript-eslint/no-explicit-any

./src/app/manage/biolink/preview/page.tsx
7:10  Error: 'motion' is defined but never used.  @typescript-eslint/no-unused-vars
7:18  Error: 'AnimatePresence' is defined but never used.  @typescript-eslint/no-unused-vars
56:17  Error: 'session' is assigned a value but never used.  @typescript-eslint/no-unused-vars
60:10  Error: 'profile' is assigned a value but never used.  @typescript-eslint/no-unused-vars
67:52  Error: Unexpected any. Specify a different type.  @typescript-eslint/no-explicit-any
69:10  Error: 'editingLinkId' is assigned a value but never used.  @typescript-eslint/no-unused-vars
69:25  Error: 'setEditingLinkId' is assigned a value but never used.  @typescript-eslint/no-unused-vars
121:9  Error: 'activeLinks' is assigned a value but never used.  @typescript-eslint/no-unused-vars
174:27  Warning: Using `<img>` could result in slower LCP and higher bandwidth. Consider using `<Image />` from `next/image` to automatically optimize images. This may incur additional usage or cost from your provider. See: https://nextjs.org/docs/messages/no-img-element  @next/next/no-img-element
195:43  Warning: Using `<img>` could result in slower LCP and higher bandwidth. Consider using `<Image />` from `next/image` to automatically optimize images. This may incur additional usage or cost from your provider. See: https://nextjs.org/docs/messages/no-img-element  @next/next/no-img-element
227:55  Warning: Using `<img>` could result in slower LCP and higher bandwidth. Consider using `<Image />` from `next/image` to automatically optimize images. This may incur additional usage or cost from your provider. See: https://nextjs.org/docs/messages/no-img-element  @next/next/no-img-element

./src/app/manage/layout.tsx
197:47  Warning: Using `<img>` could result in slower LCP and higher bandwidth. Consider using `<Image />` from `next/image` to automatically optimize images. This may incur additional usage or cost from your provider. See: https://nextjs.org/docs/messages/no-img-element  @next/next/no-img-element

./src/app/manage/page.tsx
17:3  Error: 'faTrashAlt' is defined but never used.  @typescript-eslint/no-unused-vars
37:17  Error: 'session' is assigned a value but never used.  @typescript-eslint/no-unused-vars
113:9  Error: 'result' is never reassigned. Use 'const' instead.  prefer-const

./src/app/manage/profile/page.tsx
160:37  Warning: Using `<img>` could result in slower LCP and higher bandwidth. Consider using `<Image />` from `next/image` to automatically optimize images. This may incur additional usage or cost from your provider. See: https://nextjs.org/docs/messages/no-img-element  @next/next/no-img-element

./src/app/manage/qrcodes/page.tsx
11:12  Error: 'faCheckCircle' is defined but never used.  @typescript-eslint/no-unused-vars
39:7  Error: 'SHAPES_CORNERS_DOT' is assigned a value but never used.  @typescript-eslint/no-unused-vars
164:60  Error: Unexpected any. Specify a different type.  @typescript-eslint/no-explicit-any
252:8  Warning: React Hook useEffect has a missing dependency: 'currentQr'. Either include it or remove the dependency array.  react-hooks/exhaustive-deps
269:47  Error: Unexpected any. Specify a different type.  @typescript-eslint/no-explicit-any
568:83  Error: Unexpected any. Specify a different type.  @typescript-eslint/no-explicit-any
789:61  Warning: Using `<img>` could result in slower LCP and higher bandwidth. Consider using `<Image />` from `next/image` to automatically optimize images. This may incur additional usage or cost from your provider. See: https://nextjs.org/docs/messages/no-img-element  @next/next/no-img-element

./src/app/manage/qrcodes/[id]/page.tsx
21:3  Error: 'faListUl' is defined but never used.  @typescript-eslint/no-unused-vars
23:3  Error: 'faInfoCircle' is defined but never used.  @typescript-eslint/no-unused-vars
100:19  Error: Unexpected any. Specify a different type.  @typescript-eslint/no-explicit-any

./src/app/manage/[id]/page.tsx
237:38  Warning: Using `<img>` could result in slower LCP and higher bandwidth. Consider using `<Image />` from `next/image` to automatically optimize images. This may incur additional usage or cost from your provider. See: https://nextjs.org/docs/messages/no-img-element  @next/next/no-img-element

./src/app/qr/render/[id]/page.tsx
7:80  Error: Unexpected any. Specify a different type.  @typescript-eslint/no-explicit-any
9:56  Error: Unexpected any. Specify a different type.  @typescript-eslint/no-explicit-any
10:29  Error: Unexpected any. Specify a different type.  @typescript-eslint/no-explicit-any
52:42  Error: Unexpected any. Specify a different type.  @typescript-eslint/no-explicit-any

./src/app/t/[username]/page.tsx
134:19  Warning: Using `<img>` could result in slower LCP and higher bandwidth. Consider using `<Image />` from `next/image` to automatically optimize images. This may incur additional usage or cost from your provider. See: https://nextjs.org/docs/messages/no-img-element  @next/next/no-img-element
180:39  Warning: Using `<img>` could result in slower LCP and higher bandwidth. Consider using `<Image />` from `next/image` to automatically optimize images. This may incur additional usage or cost from your provider. See: https://nextjs.org/docs/messages/no-img-element  @next/next/no-img-element
186:25  Error: 'e' is defined but never used.  @typescript-eslint/no-unused-vars
219:39  Warning: Using `<img>` could result in slower LCP and higher bandwidth. Consider using `<Image />` from `next/image` to automatically optimize images. This may incur additional usage or cost from your provider. See: https://nextjs.org/docs/messages/no-img-element  @next/next/no-img-element
276:51  Warning: Using `<img>` could result in slower LCP and higher bandwidth. Consider using `<Image />` from `next/image` to automatically optimize images. This may incur additional usage or cost from your provider. See: https://nextjs.org/docs/messages/no-img-element  @next/next/no-img-element

./src/app/terms/page.tsx
38:45  Error: `"` can be escaped with `&quot;`, `&ldquo;`, `&#34;`, `&rdquo;`.  react/no-unescaped-entities
38:64  Error: `"` can be escaped with `&quot;`, `&ldquo;`, `&#34;`, `&rdquo;`.  react/no-unescaped-entities

./src/app/[code]/page.tsx
7:8  Error: 'Link' is defined but never used.  @typescript-eslint/no-unused-vars
47:15  Error: 'e' is defined but never used.  @typescript-eslint/no-unused-vars

./src/components/AnalyticsMap.tsx
70:46  Error: Unexpected any. Specify a different type.  @typescript-eslint/no-explicit-any
113:37  Error: Unexpected any. Specify a different type.  @typescript-eslint/no-explicit-any
138:35  Error: Unexpected any. Specify a different type.  @typescript-eslint/no-explicit-any
138:47  Error: Unexpected any. Specify a different type.  @typescript-eslint/no-explicit-any
153:30  Error: Unexpected any. Specify a different type.  @typescript-eslint/no-explicit-any
161:29  Error: Unexpected any. Specify a different type.  @typescript-eslint/no-explicit-any

./src/components/DynamicQR.tsx
28:56  Error: Unexpected any. Specify a different type.  @typescript-eslint/no-explicit-any
29:29  Error: Unexpected any. Specify a different type.  @typescript-eslint/no-explicit-any

./src/lib/auth.ts
25:48  Error: Unexpected any. Specify a different type.  @typescript-eslint/no-explicit-any
47:10  Error: Include a description after the "@ts-expect-error" directive to explain why the @ts-expect-error is necessary. The description must be 3 characters or longer.  @typescript-eslint/ban-ts-comment
54:10  Error: Include a description after the "@ts-expect-error" directive to explain why the @ts-expect-error is necessary. The description must be 3 characters or longer.  @typescript-eslint/ban-ts-comment
56:10  Error: Include a description after the "@ts-expect-error" directive to explain why the @ts-expect-error is necessary. The description must be 3 characters or longer.  @typescript-eslint/ban-ts-comment

./src/lib/themes.ts
230:51  Error: Unexpected any. Specify a different type.  @typescript-eslint/no-explicit-any

info  - Need to disable some ESLint rules? Learn more here: https://nextjs.org/docs/app/building-your-application/configuring/eslint#disabling-rules
