.next/types/app/api/auth/[...nextauth]/route.ts(12,13): error TS2344: Type 'OmitWithTag<typeof import("G:/myProject/shorturl/next-shorturl/src/app/api/auth/[...nextauth]/route"), "POST" | "GET" | "config" | "generateStaticParams" | "revalidate" | "dynamic" | "dynamicParams" | ... 8 more ... | "PATCH", "">' does not satisfy the constraint '{ [x: string]: never; }'.
  Property 'authOptions' is incompatible with index signature.
    Type 'AuthOptions' is not assignable to type 'never'.
.next/types/app/api/user/biolink/links/[id]/route.ts(205,7): error TS2344: Type '{ __tag__: "PUT"; __param_position__: "second"; __param_type__: { params: { id: string; }; }; }' does not satisfy the constraint 'ParamCheck<RouteContext>'.
  The types of '__param_type__.params' are incompatible between these types.
    Type '{ id: string; }' is missing the following properties from type 'Promise<any>': then, catch, finally, [Symbol.toStringTag]
.next/types/app/api/user/biolink/links/[id]/route.ts(244,7): error TS2344: Type '{ __tag__: "DELETE"; __param_position__: "second"; __param_type__: { params: { id: string; }; }; }' does not satisfy the constraint 'ParamCheck<RouteContext>'.
  The types of '__param_type__.params' are incompatible between these types.
    Type '{ id: string; }' is missing the following properties from type 'Promise<any>': then, catch, finally, [Symbol.toStringTag]
.next/types/app/api/user/linktree/links/[id]/route.ts(205,7): error TS2344: Type '{ __tag__: "PUT"; __param_position__: "second"; __param_type__: { params: { id: string; }; }; }' does not satisfy the constraint 'ParamCheck<RouteContext>'.
  The types of '__param_type__.params' are incompatible between these types.
    Type '{ id: string; }' is missing the following properties from type 'Promise<any>': then, catch, finally, [Symbol.toStringTag]
.next/types/app/api/user/linktree/links/[id]/route.ts(244,7): error TS2344: Type '{ __tag__: "DELETE"; __param_position__: "second"; __param_type__: { params: { id: string; }; }; }' does not satisfy the constraint 'ParamCheck<RouteContext>'.
  The types of '__param_type__.params' are incompatible between these types.
    Type '{ id: string; }' is missing the following properties from type 'Promise<any>': then, catch, finally, [Symbol.toStringTag]
